// Jest Snapshot v1, https://goo.gl/fbAQLP

exports[`Tests for the calculator component and functions it calls Should render the calculator 1`] = `
<div
  class="calculator flex jc-c ai-c"
  data-testid="calculator"
>
  <div
    class="calc-container"
  >
    <input
      class="output"
      data-testid="screen"
      disabled=""
      value="0   "
    />
    <div
      class="grid"
    >
      <button
        class="button-cont"
        type="button"
      >
        AC
      </button>
      <button
        class="button-cont"
        type="button"
      >
        +/-
      </button>
      <button
        class="button-cont"
        type="button"
      >
        %
      </button>
      <button
        class="button-cont"
        type="button"
      >
        รท
      </button>
      <button
        class="button-cont"
        type="button"
      >
        7
      </button>
      <button
        class="button-cont"
        type="button"
      >
        8
      </button>
      <button
        class="button-cont"
        type="button"
      >
        9
      </button>
      <button
        class="button-cont"
        type="button"
      >
        x
      </button>
      <button
        class="button-cont"
        type="button"
      >
        4
      </button>
      <button
        class="button-cont"
        type="button"
      >
        5
      </button>
      <button
        class="button-cont"
        type="button"
      >
        6
      </button>
      <button
        class="button-cont"
        type="button"
      >
        -
      </button>
      <button
        class="button-cont"
        type="button"
      >
        1
      </button>
      <button
        class="button-cont"
        type="button"
      >
        2
      </button>
      <button
        class="button-cont"
        type="button"
      >
        3
      </button>
      <button
        class="button-cont"
        type="button"
      >
        +
      </button>
      <button
        class="button-cont"
        type="button"
      >
        0
      </button>
      <button
        class="button-cont"
        type="button"
      >
        .
      </button>
      <button
        class="button-cont"
        type="button"
      >
        =
      </button>
    </div>
  </div>
</div>
`;

exports[`Tests for the calculator component and functions it calls Should render the calculator page correctly 1`] = `
Object {
  "asFragment": [Function],
  "baseElement": <body>
    <div>
      <section
        class="calculator-section flex flex-col"
      >
        <header>
          <h2
            class="welcome-txt"
          >
            Let's do some math!
          </h2>
        </header>
        <div
          class="calculator flex jc-c ai-c"
          data-testid="calculator"
        >
          <div
            class="calc-container"
          >
            <input
              class="output"
              data-testid="screen"
              disabled=""
              value="0   "
            />
            <div
              class="grid"
            >
              <button
                class="button-cont"
                type="button"
              >
                AC
              </button>
              <button
                class="button-cont"
                type="button"
              >
                +/-
              </button>
              <button
                class="button-cont"
                type="button"
              >
                %
              </button>
              <button
                class="button-cont"
                type="button"
              >
                รท
              </button>
              <button
                class="button-cont"
                type="button"
              >
                7
              </button>
              <button
                class="button-cont"
                type="button"
              >
                8
              </button>
              <button
                class="button-cont"
                type="button"
              >
                9
              </button>
              <button
                class="button-cont"
                type="button"
              >
                x
              </button>
              <button
                class="button-cont"
                type="button"
              >
                4
              </button>
              <button
                class="button-cont"
                type="button"
              >
                5
              </button>
              <button
                class="button-cont"
                type="button"
              >
                6
              </button>
              <button
                class="button-cont"
                type="button"
              >
                -
              </button>
              <button
                class="button-cont"
                type="button"
              >
                1
              </button>
              <button
                class="button-cont"
                type="button"
              >
                2
              </button>
              <button
                class="button-cont"
                type="button"
              >
                3
              </button>
              <button
                class="button-cont"
                type="button"
              >
                +
              </button>
              <button
                class="button-cont"
                type="button"
              >
                0
              </button>
              <button
                class="button-cont"
                type="button"
              >
                .
              </button>
              <button
                class="button-cont"
                type="button"
              >
                =
              </button>
            </div>
          </div>
        </div>
      </section>
    </div>
  </body>,
  "container": <div>
    <section
      class="calculator-section flex flex-col"
    >
      <header>
        <h2
          class="welcome-txt"
        >
          Let's do some math!
        </h2>
      </header>
      <div
        class="calculator flex jc-c ai-c"
        data-testid="calculator"
      >
        <div
          class="calc-container"
        >
          <input
            class="output"
            data-testid="screen"
            disabled=""
            value="0   "
          />
          <div
            class="grid"
          >
            <button
              class="button-cont"
              type="button"
            >
              AC
            </button>
            <button
              class="button-cont"
              type="button"
            >
              +/-
            </button>
            <button
              class="button-cont"
              type="button"
            >
              %
            </button>
            <button
              class="button-cont"
              type="button"
            >
              รท
            </button>
            <button
              class="button-cont"
              type="button"
            >
              7
            </button>
            <button
              class="button-cont"
              type="button"
            >
              8
            </button>
            <button
              class="button-cont"
              type="button"
            >
              9
            </button>
            <button
              class="button-cont"
              type="button"
            >
              x
            </button>
            <button
              class="button-cont"
              type="button"
            >
              4
            </button>
            <button
              class="button-cont"
              type="button"
            >
              5
            </button>
            <button
              class="button-cont"
              type="button"
            >
              6
            </button>
            <button
              class="button-cont"
              type="button"
            >
              -
            </button>
            <button
              class="button-cont"
              type="button"
            >
              1
            </button>
            <button
              class="button-cont"
              type="button"
            >
              2
            </button>
            <button
              class="button-cont"
              type="button"
            >
              3
            </button>
            <button
              class="button-cont"
              type="button"
            >
              +
            </button>
            <button
              class="button-cont"
              type="button"
            >
              0
            </button>
            <button
              class="button-cont"
              type="button"
            >
              .
            </button>
            <button
              class="button-cont"
              type="button"
            >
              =
            </button>
          </div>
        </div>
      </div>
    </section>
  </div>,
  "debug": [Function],
  "findAllByAltText": [Function],
  "findAllByDisplayValue": [Function],
  "findAllByLabelText": [Function],
  "findAllByPlaceholderText": [Function],
  "findAllByRole": [Function],
  "findAllByTestId": [Function],
  "findAllByText": [Function],
  "findAllByTitle": [Function],
  "findByAltText": [Function],
  "findByDisplayValue": [Function],
  "findByLabelText": [Function],
  "findByPlaceholderText": [Function],
  "findByRole": [Function],
  "findByTestId": [Function],
  "findByText": [Function],
  "findByTitle": [Function],
  "getAllByAltText": [Function],
  "getAllByDisplayValue": [Function],
  "getAllByLabelText": [Function],
  "getAllByPlaceholderText": [Function],
  "getAllByRole": [Function],
  "getAllByTestId": [Function],
  "getAllByText": [Function],
  "getAllByTitle": [Function],
  "getByAltText": [Function],
  "getByDisplayValue": [Function],
  "getByLabelText": [Function],
  "getByPlaceholderText": [Function],
  "getByRole": [Function],
  "getByTestId": [Function],
  "getByText": [Function],
  "getByTitle": [Function],
  "queryAllByAltText": [Function],
  "queryAllByDisplayValue": [Function],
  "queryAllByLabelText": [Function],
  "queryAllByPlaceholderText": [Function],
  "queryAllByRole": [Function],
  "queryAllByTestId": [Function],
  "queryAllByText": [Function],
  "queryAllByTitle": [Function],
  "queryByAltText": [Function],
  "queryByDisplayValue": [Function],
  "queryByLabelText": [Function],
  "queryByPlaceholderText": [Function],
  "queryByRole": [Function],
  "queryByTestId": [Function],
  "queryByText": [Function],
  "queryByTitle": [Function],
  "rerender": [Function],
  "unmount": [Function],
}
`;
