// Jest Snapshot v1, https://goo.gl/fbAQLP

exports[`Tests for the Home page Should render the home page properly 1`] = `
Object {
  "asFragment": [Function],
  "baseElement": <body>
    <div>
      <section
        class="home-section"
      >
        <div
          class="home-cont flex flex-col"
        >
          <header>
            <h2
              class="welcome-txt"
            >
              Welcome To our page!
            </h2>
          </header>
          <div
            class="content flex"
          >
            <p
              class="home-text"
            >
              This webpage is an application that allows the user to do most arithmetic operations. Also, it provides a section with random interesting quotes from people who have marked their generations with their intelligence, inventions and other deeds.
            </p>
            <img
              alt="man seated doing math"
              class="home-img"
              src="calculating.png"
            />
          </div>
        </div>
      </section>
    </div>
  </body>,
  "container": <div>
    <section
      class="home-section"
    >
      <div
        class="home-cont flex flex-col"
      >
        <header>
          <h2
            class="welcome-txt"
          >
            Welcome To our page!
          </h2>
        </header>
        <div
          class="content flex"
        >
          <p
            class="home-text"
          >
            This webpage is an application that allows the user to do most arithmetic operations. Also, it provides a section with random interesting quotes from people who have marked their generations with their intelligence, inventions and other deeds.
          </p>
          <img
            alt="man seated doing math"
            class="home-img"
            src="calculating.png"
          />
        </div>
      </div>
    </section>
  </div>,
  "debug": [Function],
  "findAllByAltText": [Function],
  "findAllByDisplayValue": [Function],
  "findAllByLabelText": [Function],
  "findAllByPlaceholderText": [Function],
  "findAllByRole": [Function],
  "findAllByTestId": [Function],
  "findAllByText": [Function],
  "findAllByTitle": [Function],
  "findByAltText": [Function],
  "findByDisplayValue": [Function],
  "findByLabelText": [Function],
  "findByPlaceholderText": [Function],
  "findByRole": [Function],
  "findByTestId": [Function],
  "findByText": [Function],
  "findByTitle": [Function],
  "getAllByAltText": [Function],
  "getAllByDisplayValue": [Function],
  "getAllByLabelText": [Function],
  "getAllByPlaceholderText": [Function],
  "getAllByRole": [Function],
  "getAllByTestId": [Function],
  "getAllByText": [Function],
  "getAllByTitle": [Function],
  "getByAltText": [Function],
  "getByDisplayValue": [Function],
  "getByLabelText": [Function],
  "getByPlaceholderText": [Function],
  "getByRole": [Function],
  "getByTestId": [Function],
  "getByText": [Function],
  "getByTitle": [Function],
  "queryAllByAltText": [Function],
  "queryAllByDisplayValue": [Function],
  "queryAllByLabelText": [Function],
  "queryAllByPlaceholderText": [Function],
  "queryAllByRole": [Function],
  "queryAllByTestId": [Function],
  "queryAllByText": [Function],
  "queryAllByTitle": [Function],
  "queryByAltText": [Function],
  "queryByDisplayValue": [Function],
  "queryByLabelText": [Function],
  "queryByPlaceholderText": [Function],
  "queryByRole": [Function],
  "queryByTestId": [Function],
  "queryByText": [Function],
  "queryByTitle": [Function],
  "rerender": [Function],
  "unmount": [Function],
}
`;
